// Jest Snapshot v1, https://goo.gl/fbAQLP

exports[`components/InterventionPlan/PlanDefinitionList renders plan definition list correctly: Breadcrumb 1`] = `
<Breadcrumb
  aria-label="breadcrumb"
  className="reveal-breadcrumb"
  listTag="ol"
  tag="nav"
>
  <nav
    aria-label="breadcrumb"
    className="reveal-breadcrumb"
  >
    <ol
      className="breadcrumb"
    >
      <ElementMap
        HTMLTag="td"
        className="listview-th"
        items={
          Array [
            <Link
              replace={false}
              to="/plans/update/356b6b84-fc36-4389-a44a-2b038ed2f38d"
            >
              A2-Lusaka Akros Test Focus 2
            </Link>,
            "FI",
            "active",
            "2019-05-19",
          ]
        }
      <BreadcrumbItem
        key="0"
        tag="li"
      >
        <li
          className="breadcrumb-item"
        >
          <Link
            key="0"
            replace={false}
            to="/"
          >
            <a
              href="/"
              onClick={[Function]}
            >
              Home
            </a>
          </Link>
        </li>
      </BreadcrumbItem>
      <BreadcrumbItem
        active={true}
        tag="li"
      >
        <li
          aria-current="page"
          className="active breadcrumb-item"
        >
          Manage Plans
        </li>
      </BreadcrumbItem>
    </ol>
  </nav>
</Breadcrumb>
`;

exports[`components/InterventionPlan/PlanDefinitionList renders plan definition list correctly: planlistTable single first tbody row data 1`] = `
<td
  className="listview-th"
  key="0"
>
  <Link
    key="356b6b84-fc36-4389-a44a-2b038ed2f38d"
    replace={false}
    to="/plans/update/356b6b84-fc36-4389-a44a-2b038ed2f38d"
  >
    <a
      href="/plans/update/356b6b84-fc36-4389-a44a-2b038ed2f38d"
      onClick={[Function]}
    >
      A2-Lusaka Akros Test Focus 2
    </a>
  </Link>
</td>
`;
